Archive member included to satisfy reference by file (symbol)

C:/ST/STM32CubeIDE_1.13.1/STM32CubeIDE/plugins/com.st.stm32cube.ide.mcu.externaltools.gnu-tools-for-stm32.11.3.rel1.win32_1.1.0.202305231506/tools/bin/../lib/gcc/arm-none-eabi/11.3.1/../../../../arm-none-eabi/lib/thumb/v7-m/nofp\libc_nano.a(libc_a-exit.o)
                              C:/ST/STM32CubeIDE_1.13.1/STM32CubeIDE/plugins/com.st.stm32cube.ide.mcu.externaltools.gnu-tools-for-stm32.11.3.rel1.win32_1.1.0.202305231506/tools/bin/../lib/gcc/arm-none-eabi/11.3.1/../../../../arm-none-eabi/lib/thumb/v7-m/nofp/crt0.o (exit)
C:/ST/STM32CubeIDE_1.13.1/STM32CubeIDE/plugins/com.st.stm32cube.ide.mcu.externaltools.gnu-tools-for-stm32.11.3.rel1.win32_1.1.0.202305231506/tools/bin/../lib/gcc/arm-none-eabi/11.3.1/../../../../arm-none-eabi/lib/thumb/v7-m/nofp\libc_nano.a(libc_a-findfp.o)
                              C:/ST/STM32CubeIDE_1.13.1/STM32CubeIDE/plugins/com.st.stm32cube.ide.mcu.externaltools.gnu-tools-for-stm32.11.3.rel1.win32_1.1.0.202305231506/tools/bin/../lib/gcc/arm-none-eabi/11.3.1/../../../../arm-none-eabi/lib/thumb/v7-m/nofp\libc_nano.a(libc_a-exit.o) (__stdio_exit_handler)
C:/ST/STM32CubeIDE_1.13.1/STM32CubeIDE/plugins/com.st.stm32cube.ide.mcu.externaltools.gnu-tools-for-stm32.11.3.rel1.win32_1.1.0.202305231506/tools/bin/../lib/gcc/arm-none-eabi/11.3.1/../../../../arm-none-eabi/lib/thumb/v7-m/nofp\libc_nano.a(libc_a-fwalk.o)
                              C:/ST/STM32CubeIDE_1.13.1/STM32CubeIDE/plugins/com.st.stm32cube.ide.mcu.externaltools.gnu-tools-for-stm32.11.3.rel1.win32_1.1.0.202305231506/tools/bin/../lib/gcc/arm-none-eabi/11.3.1/../../../../arm-none-eabi/lib/thumb/v7-m/nofp\libc_nano.a(libc_a-findfp.o) (_fwalk_sglue)
C:/ST/STM32CubeIDE_1.13.1/STM32CubeIDE/plugins/com.st.stm32cube.ide.mcu.externaltools.gnu-tools-for-stm32.11.3.rel1.win32_1.1.0.202305231506/tools/bin/../lib/gcc/arm-none-eabi/11.3.1/../../../../arm-none-eabi/lib/thumb/v7-m/nofp\libc_nano.a(libc_a-stdio.o)
                              C:/ST/STM32CubeIDE_1.13.1/STM32CubeIDE/plugins/com.st.stm32cube.ide.mcu.externaltools.gnu-tools-for-stm32.11.3.rel1.win32_1.1.0.202305231506/tools/bin/../lib/gcc/arm-none-eabi/11.3.1/../../../../arm-none-eabi/lib/thumb/v7-m/nofp\libc_nano.a(libc_a-findfp.o) (__sread)
C:/ST/STM32CubeIDE_1.13.1/STM32CubeIDE/plugins/com.st.stm32cube.ide.mcu.externaltools.gnu-tools-for-stm32.11.3.rel1.win32_1.1.0.202305231506/tools/bin/../lib/gcc/arm-none-eabi/11.3.1/../../../../arm-none-eabi/lib/thumb/v7-m/nofp\libc_nano.a(libc_a-memset.o)
                              C:/ST/STM32CubeIDE_1.13.1/STM32CubeIDE/plugins/com.st.stm32cube.ide.mcu.externaltools.gnu-tools-for-stm32.11.3.rel1.win32_1.1.0.202305231506/tools/bin/../lib/gcc/arm-none-eabi/11.3.1/../../../../arm-none-eabi/lib/thumb/v7-m/nofp/crt0.o (memset)
C:/ST/STM32CubeIDE_1.13.1/STM32CubeIDE/plugins/com.st.stm32cube.ide.mcu.externaltools.gnu-tools-for-stm32.11.3.rel1.win32_1.1.0.202305231506/tools/bin/../lib/gcc/arm-none-eabi/11.3.1/../../../../arm-none-eabi/lib/thumb/v7-m/nofp\libc_nano.a(libc_a-closer.o)
                              C:/ST/STM32CubeIDE_1.13.1/STM32CubeIDE/plugins/com.st.stm32cube.ide.mcu.externaltools.gnu-tools-for-stm32.11.3.rel1.win32_1.1.0.202305231506/tools/bin/../lib/gcc/arm-none-eabi/11.3.1/../../../../arm-none-eabi/lib/thumb/v7-m/nofp\libc_nano.a(libc_a-stdio.o) (_close_r)
C:/ST/STM32CubeIDE_1.13.1/STM32CubeIDE/plugins/com.st.stm32cube.ide.mcu.externaltools.gnu-tools-for-stm32.11.3.rel1.win32_1.1.0.202305231506/tools/bin/../lib/gcc/arm-none-eabi/11.3.1/../../../../arm-none-eabi/lib/thumb/v7-m/nofp\libc_nano.a(libc_a-reent.o)
                              C:/ST/STM32CubeIDE_1.13.1/STM32CubeIDE/plugins/com.st.stm32cube.ide.mcu.externaltools.gnu-tools-for-stm32.11.3.rel1.win32_1.1.0.202305231506/tools/bin/../lib/gcc/arm-none-eabi/11.3.1/../../../../arm-none-eabi/lib/thumb/v7-m/nofp\libc_nano.a(libc_a-closer.o) (errno)
C:/ST/STM32CubeIDE_1.13.1/STM32CubeIDE/plugins/com.st.stm32cube.ide.mcu.externaltools.gnu-tools-for-stm32.11.3.rel1.win32_1.1.0.202305231506/tools/bin/../lib/gcc/arm-none-eabi/11.3.1/../../../../arm-none-eabi/lib/thumb/v7-m/nofp\libc_nano.a(libc_a-impure.o)
                              C:/ST/STM32CubeIDE_1.13.1/STM32CubeIDE/plugins/com.st.stm32cube.ide.mcu.externaltools.gnu-tools-for-stm32.11.3.rel1.win32_1.1.0.202305231506/tools/bin/../lib/gcc/arm-none-eabi/11.3.1/../../../../arm-none-eabi/lib/thumb/v7-m/nofp\libc_nano.a(libc_a-reent.o) (_impure_ptr)
C:/ST/STM32CubeIDE_1.13.1/STM32CubeIDE/plugins/com.st.stm32cube.ide.mcu.externaltools.gnu-tools-for-stm32.11.3.rel1.win32_1.1.0.202305231506/tools/bin/../lib/gcc/arm-none-eabi/11.3.1/../../../../arm-none-eabi/lib/thumb/v7-m/nofp\libc_nano.a(libc_a-lseekr.o)
[...]
Memory Configuration

Name             Origin             Length             Attributes
RAM              0x0000000020000000 0x0000000000005000 xrw
FLASH            0x0000000008000000 0x0000000000010000 xr
*default*        0x0000000000000000 0xffffffffffffffff

Linker script and memory map

LOAD C:/ST/STM32CubeIDE_1.13.1/STM32CubeIDE/plugins/com.st.stm32cube.ide.mcu.externaltools.gnu-tools-for-stm32.11.3.rel1.win32_1.1.0.202305231506/tools/bin/../lib/gcc/arm-none-eabi/11.3.1/thumb/v7-m/nofp/crti.o
LOAD C:/ST/STM32CubeIDE_1.13.1/STM32CubeIDE/plugins/com.st.stm32cube.ide.mcu.externaltools.gnu-tools-for-stm32.11.3.rel1.win32_1.1.0.202305231506/tools/bin/../lib/gcc/arm-none-eabi/11.3.1/thumb/v7-m/nofp/crtbegin.o
LOAD C:/ST/STM32CubeIDE_1.13.1/STM32CubeIDE/plugins/com.st.stm32cube.ide.mcu.externaltools.gnu-tools-for-stm32.11.3.rel1.win32_1.1.0.202305231506/tools/bin/../lib/gcc/arm-none-eabi/11.3.1/../../../../arm-none-eabi/lib/thumb/v7-m/nofp/crt0.o
LOAD ./Src/ADC_Prog.o
LOAD ./Src/DS18B20.o
LOAD ./Src/GPIO_Prog.o
LOAD ./Src/PH_Prog.o
LOAD ./Src/RCC_Prog.o
LOAD ./Src/SYSTICK_Prog.o
LOAD ./Src/UART_Program.o
LOAD ./Src/main.o
LOAD ./Src/syscalls.o
LOAD ./Src/sysmem.o
LOAD ./Startup/startup_stm32f103c8tx.o
START GROUP
LOAD C:/ST/STM32CubeIDE_1.13.1/STM32CubeIDE/plugins/com.st.stm32cube.ide.mcu.externaltools.gnu-tools-for-stm32.11.3.rel1.win32_1.1.0.202305231506/tools/bin/../lib/gcc/arm-none-eabi/11.3.1/../../../../arm-none-eabi/lib/thumb/v7-m/nofp\libc_nano.a
LOAD C:/ST/STM32CubeIDE_1.13.1/STM32CubeIDE/plugins/com.st.stm32cube.ide.mcu.externaltools.gnu-tools-for-stm32.11.3.rel1.win32_1.1.0.202305231506/tools/bin/../lib/gcc/arm-none-eabi/11.3.1/../../../../arm-none-eabi/lib/thumb/v7-m/nofp\libm.a
END GROUP
START GROUP
LOAD C:/ST/STM32CubeIDE_1.13.1/STM32CubeIDE/plugins/com.st.stm32cube.ide.mcu.externaltools.gnu-tools-for-stm32.11.3.rel1.win32_1.1.0.202305231506/tools/bin/../lib/gcc/arm-none-eabi/11.3.1/thumb/v7-m/nofp\libgcc.a
LOAD C:/ST/STM32CubeIDE_1.13.1/STM32CubeIDE/plugins/com.st.stm32cube.ide.mcu.externaltools.gnu-tools-for-stm32.11.3.rel1.win32_1.1.0.202305231506/tools/bin/../lib/gcc/arm-none-eabi/11.3.1/../../../../arm-none-eabi/lib/thumb/v7-m/nofp\libc_nano.a
END GROUP
START GROUP
LOAD C:/ST/STM32CubeIDE_1.13.1/STM32CubeIDE/plugins/com.st.stm32cube.ide.mcu.externaltools.gnu-tools-for-stm32.11.3.rel1.win32_1.1.0.202305231506/tools/bin/../lib/gcc/arm-none-eabi/11.3.1/thumb/v7-m/nofp\libgcc.a
LOAD C:/ST/STM32CubeIDE_1.13.1/STM32CubeIDE/plugins/com.st.stm32cube.ide.mcu.externaltools.gnu-tools-for-stm32.11.3.rel1.win32_1.1.0.202305231506/tools/bin/../lib/gcc/arm-none-eabi/11.3.1/../../../../arm-none-eabi/lib/thumb/v7-m/nofp\libc_nano.a
LOAD C:/ST/STM32CubeIDE_1.13.1/STM32CubeIDE/plugins/com.st.stm32cube.ide.mcu.externaltools.gnu-tools-for-stm32.11.3.rel1.win32_1.1.0.202305231506/tools/bin/../lib/gcc/arm-none-eabi/11.3.1/../../../../arm-none-eabi/lib/thumb/v7-m/nofp\libnosys.a
END GROUP
START GROUP
LOAD C:/ST/STM32CubeIDE_1.13.1/STM32CubeIDE/plugins/com.st.stm32cube.ide.mcu.externaltools.gnu-tools-for-stm32.11.3.rel1.win32_1.1.0.202305231506/tools/bin/../lib/gcc/arm-none-eabi/11.3.1/thumb/v7-m/nofp\libgcc.a
LOAD C:/ST/STM32CubeIDE_1.13.1/STM32CubeIDE/plugins/com.st.stm32cube.ide.mcu.externaltools.gnu-tools-for-stm32.11.3.rel1.win32_1.1.0.202305231506/tools/bin/../lib/gcc/arm-none-eabi/11.3.1/../../../../arm-none-eabi/lib/thumb/v7-m/nofp\libc_nano.a
LOAD C:/ST/STM32CubeIDE_1.13.1/STM32CubeIDE/plugins/com.st.stm32cube.ide.mcu.externaltools.gnu-tools-for-stm32.11.3.rel1.win32_1.1.0.202305231506/tools/bin/../lib/gcc/arm-none-eabi/11.3.1/../../../../arm-none-eabi/lib/thumb/v7-m/nofp\libnosys.a
END GROUP
LOAD C:/ST/STM32CubeIDE_1.13.1/STM32CubeIDE/plugins/com.st.stm32cube.ide.mcu.externaltools.gnu-tools-for-stm32.11.3.rel1.win32_1.1.0.202305231506/tools/bin/../lib/gcc/arm-none-eabi/11.3.1/thumb/v7-m/nofp/crtend.o
LOAD C:/ST/STM32CubeIDE_1.13.1/STM32CubeIDE/plugins/com.st.stm32cube.ide.mcu.externaltools.gnu-tools-for-stm32.11.3.rel1.win32_1.1.0.202305231506/tools/bin/../lib/gcc/arm-none-eabi/11.3.1/thumb/v7-m/nofp/crtn.o
                0x0000000020005000                _estack = (ORIGIN (RAM) + LENGTH (RAM))
                0x0000000000000200                _Min_Heap_Size = 0x200
                0x0000000000000400                _Min_Stack_Size = 0x400

.isr_vector     0x0000000008000000      0x130
                0x0000000008000000                . = ALIGN (0x4)
 *(.isr_vector)
 .isr_vector    0x0000000008000000      0x130 ./Startup/startup_stm32f103c8tx.o
                0x0000000008000000                g_pfnVectors
                0x0000000008000130                . = ALIGN (0x4)

.text           0x0000000008000130      0x484
                0x0000000008000130                . = ALIGN (0x4)
 *(.text)
 .text          0x0000000008000130       0x40 C:/ST/STM32CubeIDE_1.13.1/STM32CubeIDE/plugins/com.st.stm32cube.ide.mcu.externaltools.gnu-tools-for-stm32.11.3.rel1.win32_1.1.0.202305231506/tools/bin/../lib/gcc/arm-none-eabi/11.3.1/thumb/v7-m/nofp/crtbegin.o
 *(.text*)
 .text.RCC_voidSelectClock
                0x0000000008000170       0xc4 ./Src/RCC_Prog.o
                0x0000000008000170                RCC_voidSelectClock
 .text.RCC_voidEnablePeriphralCLK
                0x0000000008000234       0x74 ./Src/RCC_Prog.o
                0x0000000008000234                RCC_voidEnablePeriphralCLK
 .text.SYSTICK_enuInit
                0x00000000080002a8       0x58 ./Src/SYSTICK_Prog.o
                0x00000000080002a8                SYSTICK_enuInit
 .text.SYSTICK_voidEnable
                0x0000000008000300       0x1c ./Src/SYSTICK_Prog.o
                0x0000000008000300                SYSTICK_voidEnable
 .text.SYSTICK_voidDisable
                0x000000000800031c       0x28 ./Src/SYSTICK_Prog.o
                0x000000000800031c                SYSTICK_voidDisable
 .text.SYSTICK_voidSetPreload
                0x0000000008000344       0x1c ./Src/SYSTICK_Prog.o
                0x0000000008000344                SYSTICK_voidSetPreload
 .text.SYSTICK_voidDisableInterrupet
                0x0000000008000360       0x1c ./Src/SYSTICK_Prog.o
                0x0000000008000360                SYSTICK_voidDisableInterrupet
 .text.SYSTICK_enuDelay_us
                0x000000000800037c       0x48 ./Src/SYSTICK_Prog.o
                0x000000000800037c                SYSTICK_enuDelay_us
 .text.SysTick_Handler
                0x00000000080003c4       0x30 ./Src/SYSTICK_Prog.o
                0x00000000080003c4                SysTick_Handler
 .text.UART_vInit
                0x00000000080003f4       0x60 ./Src/UART_Program.o
                0x00000000080003f4                UART_vInit
 .text.UART_vSendByte
                0x0000000008000454       0x38 ./Src/UART_Program.o
                0x0000000008000454                UART_vSendByte
 .text.UART_vReceiveByte
                0x000000000800048c       0x3c ./Src/UART_Program.o
                0x000000000800048c                UART_vReceiveByte
 .text.main     0x00000000080004c8       0x38 ./Src/main.o
                0x00000000080004c8                main
 .text.Reset_Handler
                0x0000000008000500       0x50 ./Startup/startup_stm32f103c8tx.o
                0x0000000008000500                Reset_Handler
 .text.Default_Handler
                0x0000000008000550        0x2 ./Startup/startup_stm32f103c8tx.o
                0x0000000008000550                EXTI2_IRQHandler
                0x0000000008000550                TIM8_TRG_COM_IRQHandler
                0x0000000008000550                TIM8_CC_IRQHandler
                0x0000000008000550                DebugMon_Handler
                0x0000000008000550                TIM1_CC_IRQHandler
                0x0000000008000550                HardFault_Handler
                0x0000000008000550                TIM6_IRQHandler
                0x0000000008000550                PVD_IRQHandler
                0x0000000008000550                SDIO_IRQHandler
                0x0000000008000550                PendSV_Handler
                0x0000000008000550                NMI_Handler
                0x0000000008000550                EXTI3_IRQHandler
                0x0000000008000550                USB_HP_CAN_TX_IRQHandler
                0x0000000008000550                EXTI0_IRQHandler
                0x0000000008000550                I2C2_EV_IRQHandler
                0x0000000008000550                UsageFault_Handler
                0x0000000008000550                ADC1_2_IRQHandler
                0x0000000008000550                SPI1_IRQHandler
                0x0000000008000550                CAN_SCE_IRQHandler
                0x0000000008000550                TAMPER_IRQHandler
                0x0000000008000550                TIM8_UP_IRQHandler
                0x0000000008000550                DMA2_Channel2_IRQHandler
                0x0000000008000550                DMA1_Channel4_IRQHandler
                0x0000000008000550                USART3_IRQHandler
                0x0000000008000550                RTC_IRQHandler
                0x0000000008000550                DMA1_Channel7_IRQHandler
                0x0000000008000550                UART5_IRQHandler
                0x0000000008000550                ADC3_IRQHandler
                0x0000000008000550                TIM4_IRQHandler
                0x0000000008000550                CAN_RX1_IRQHandler
                0x0000000008000550                DMA2_Channel1_IRQHandler
                0x0000000008000550                I2C1_EV_IRQHandler
                0x0000000008000550                DMA1_Channel6_IRQHandler
                0x0000000008000550                UART4_IRQHandler
                0x0000000008000550                TIM3_IRQHandler
                0x0000000008000550                RCC_IRQHandler
                0x0000000008000550                TIM1_TRG_COM_IRQHandler
                0x0000000008000550                DMA1_Channel1_IRQHandler
                0x0000000008000550                Default_Handler
                0x0000000008000550                EXTI15_10_IRQHandler
                0x0000000008000550                TIM7_IRQHandler
                0x0000000008000550                TIM5_IRQHandler
                0x0000000008000550                EXTI9_5_IRQHandler
                0x0000000008000550                SPI2_IRQHandler
                0x0000000008000550                USB_LP_CAN_RX0_IRQHandler
                0x0000000008000550                MemManage_Handler
                0x0000000008000550                SVC_Handler
                0x0000000008000550                DMA1_Channel5_IRQHandler
                0x0000000008000550                EXTI4_IRQHandler
                0x0000000008000550                DMA1_Channel3_IRQHandler
                0x0000000008000550                FSMC_IRQHandler
                0x0000000008000550                TIM1_UP_IRQHandler
                0x0000000008000550                WWDG_IRQHandler
                0x0000000008000550                TIM2_IRQHandler
                0x0000000008000550                TIM1_BRK_IRQHandler
                0x0000000008000550                EXTI1_IRQHandler
                0x0000000008000550                RTCAlarm_IRQHandler
                0x0000000008000550                DMA2_Channel4_5_IRQHandler
                0x0000000008000550                USART2_IRQHandler
                0x0000000008000550                I2C2_ER_IRQHandler
                0x0000000008000550                DMA1_Channel2_IRQHandler
                0x0000000008000550                TIM8_BRK_IRQHandler
                0x0000000008000550                FLASH_IRQHandler
                0x0000000008000550                BusFault_Handler
                0x0000000008000550                USART1_IRQHandler
                0x0000000008000550                SPI3_IRQHandler
                0x0000000008000550                I2C1_ER_IRQHandler
                0x0000000008000550                DMA2_Channel3_IRQHandler
 *fill*         0x0000000008000552        0x2 
 .text.__libc_init_array
                0x0000000008000554       0x48 C:/ST/STM32CubeIDE_1.13.1/STM32CubeIDE/plugins/com.st.stm32cube.ide.mcu.externaltools.gnu-tools-for-stm32.11.3.rel1.win32_1.1.0.202305231506/tools/bin/../lib/gcc/arm-none-eabi/11.3.1/../../../../arm-none-eabi/lib/thumb/v7-m/nofp\libc_nano.a(libc_a-init.o)
                0x0000000008000554                __libc_init_array
 *(.glue_7)
 .glue_7        0x000000000800059c        0x0 linker stubs
 *(.glue_7t)
 .glue_7t       0x000000000800059c        0x0 linker stubs
 *(.eh_frame)
 .eh_frame      0x000000000800059c        0x0 C:/ST/STM32CubeIDE_1.13.1/STM32CubeIDE/plugins/com.st.stm32cube.ide.mcu.externaltools.gnu-tools-for-stm32.11.3.rel1.win32_1.1.0.202305231506/tools/bin/../lib/gcc/arm-none-eabi/11.3.1/thumb/v7-m/nofp/crtbegin.o
 *(.init)
 .init          0x000000000800059c        0x4 C:/ST/STM32CubeIDE_1.13.1/STM32CubeIDE/plugins/com.st.stm32cube.ide.mcu.externaltools.gnu-tools-for-stm32.11.3.rel1.win32_1.1.0.202305231506/tools/bin/../lib/gcc/arm-none-eabi/11.3.1/thumb/v7-m/nofp/crti.o
                0x000000000800059c                _init
 .init          0x00000000080005a0        0x8 C:/ST/STM32CubeIDE_1.13.1/STM32CubeIDE/plugins/com.st.stm32cube.ide.mcu.externaltools.gnu-tools-for-stm32.11.3.rel1.win32_1.1.0.202305231506/tools/bin/../lib/gcc/arm-none-eabi/11.3.1/thumb/v7-m/nofp/crtn.o
 *(.fini)
 .fini          0x00000000080005a8        0x4 C:/ST/STM32CubeIDE_1.13.1/STM32CubeIDE/plugins/com.st.stm32cube.ide.mcu.externaltools.gnu-tools-for-stm32.11.3.rel1.win32_1.1.0.202305231506/tools/bin/../lib/gcc/arm-none-eabi/11.3.1/thumb/v7-m/nofp/crti.o
                0x00000000080005a8                _fini
 .fini          0x00000000080005ac        0x8 C:/ST/STM32CubeIDE_1.13.1/STM32CubeIDE/plugins/com.st.stm32cube.ide.mcu.externaltools.gnu-tools-for-stm32.11.3.rel1.win32_1.1.0.202305231506/tools/bin/../lib/gcc/arm-none-eabi/11.3.1/thumb/v7-m/nofp/crtn.o
                0x00000000080005b4                . = ALIGN (0x4)
                0x00000000080005b4                _etext = .

.vfp11_veneer   0x00000000080005b4        0x0
 .vfp11_veneer  0x00000000080005b4        0x0 linker stubs

.v4_bx          0x00000000080005b4        0x0
 .v4_bx         0x00000000080005b4        0x0 linker stubs

.iplt           0x00000000080005b4        0x0
 .iplt          0x00000000080005b4        0x0 C:/ST/STM32CubeIDE_1.13.1/STM32CubeIDE/plugins/com.st.stm32cube.ide.mcu.externaltools.gnu-tools-for-stm32.11.3.rel1.win32_1.1.0.202305231506/tools/bin/../lib/gcc/arm-none-eabi/11.3.1/thumb/v7-m/nofp/crtbegin.o

.rodata         0x00000000080005b4        0x4
                0x00000000080005b4                . = ALIGN (0x4)
 *(.rodata)
 .rodata        0x00000000080005b4        0x2 ./Src/main.o
 *(.rodata*)
                0x00000000080005b8                . = ALIGN (0x4)
 *fill*         0x00000000080005b6        0x2 

.rel.dyn        0x00000000080005b8        0x0
 .rel.iplt      0x00000000080005b8        0x0 C:/ST/STM32CubeIDE_1.13.1/STM32CubeIDE/plugins/com.st.stm32cube.ide.mcu.externaltools.gnu-tools-for-stm32.11.3.rel1.win32_1.1.0.202305231506/tools/bin/../lib/gcc/arm-none-eabi/11.3.1/thumb/v7-m/nofp/crtbegin.o

.ARM.extab      0x00000000080005b8        0x0
                0x00000000080005b8                . = ALIGN (0x4)
 *(.ARM.extab* .gnu.linkonce.armextab.*)
                0x00000000080005b8                . = ALIGN (0x4)

.ARM            0x00000000080005b8        0x0
                0x00000000080005b8                . = ALIGN (0x4)
                0x00000000080005b8                __exidx_start = .
 *(.ARM.exidx*)
                0x00000000080005b8                __exidx_end = .
                0x00000000080005b8                . = ALIGN (0x4)

.preinit_array  0x00000000080005b8        0x0
                0x00000000080005b8                . = ALIGN (0x4)
                0x00000000080005b8                PROVIDE (__preinit_array_start = .)
 *(.preinit_array*)
                0x00000000080005b8                PROVIDE (__preinit_array_end = .)
                0x00000000080005b8                . = ALIGN (0x4)

.init_array     0x00000000080005b8        0x4
                0x00000000080005b8                . = ALIGN (0x4)
                0x00000000080005b8                PROVIDE (__init_array_start = .)
 *(SORT_BY_NAME(.init_array.*))
 *(.init_array*)
 .init_array    0x00000000080005b8        0x4 C:/ST/STM32CubeIDE_1.13.1/STM32CubeIDE/plugins/com.st.stm32cube.ide.mcu.externaltools.gnu-tools-for-stm32.11.3.rel1.win32_1.1.0.202305231506/tools/bin/../lib/gcc/arm-none-eabi/11.3.1/thumb/v7-m/nofp/crtbegin.o
                0x00000000080005bc                PROVIDE (__init_array_end = .)
                0x00000000080005bc                . = ALIGN (0x4)

.fini_array     0x00000000080005bc        0x4
                0x00000000080005bc                . = ALIGN (0x4)
                [!provide]                        PROVIDE (__fini_array_start = .)
 *(SORT_BY_NAME(.fini_array.*))
 *(.fini_array*)
 .fini_array    0x00000000080005bc        0x4 C:/ST/STM32CubeIDE_1.13.1/STM32CubeIDE/plugins/com.st.stm32cube.ide.mcu.externaltools.gnu-tools-for-stm32.11.3.rel1.win32_1.1.0.202305231506/tools/bin/../lib/gcc/arm-none-eabi/11.3.1/thumb/v7-m/nofp/crtbegin.o
                [!provide]                        PROVIDE (__fini_array_end = .)
                0x00000000080005c0                . = ALIGN (0x4)
                0x00000000080005c0                _sidata = LOADADDR (.data)

.data           0x0000000020000000        0x0 load address 0x00000000080005c0
                0x0000000020000000                . = ALIGN (0x4)
                0x0000000020000000                _sdata = .
 *(.data)
 *(.data*)
 *(.RamFunc)
 *(.RamFunc*)
                0x0000000020000000                . = ALIGN (0x4)
                0x0000000020000000                _edata = .

.igot.plt       0x0000000020000000        0x0 load address 0x00000000080005c0
 .igot.plt      0x0000000020000000        0x0 C:/ST/STM32CubeIDE_1.13.1/STM32CubeIDE/plugins/com.st.stm32cube.ide.mcu.externaltools.gnu-tools-for-stm32.11.3.rel1.win32_1.1.0.202305231506/tools/bin/../lib/gcc/arm-none-eabi/11.3.1/thumb/v7-m/nofp/crtbegin.o
                0x0000000020000000                . = ALIGN (0x4)

.bss            0x0000000020000000       0x24 load address 0x00000000080005c0
                0x0000000020000000                _sbss = .
                0x0000000020000000                __bss_start__ = _sbss
 *(.bss)
 .bss           0x0000000020000000       0x1c C:/ST/STM32CubeIDE_1.13.1/STM32CubeIDE/plugins/com.st.stm32cube.ide.mcu.externaltools.gnu-tools-for-stm32.11.3.rel1.win32_1.1.0.202305231506/tools/bin/../lib/gcc/arm-none-eabi/11.3.1/thumb/v7-m/nofp/crtbegin.o
 *(.bss*)
 .bss.flag      0x000000002000001c        0x1 ./Src/SYSTICK_Prog.o
                0x000000002000001c                flag
 *fill*         0x000000002000001d        0x3 
 .bss.STK_Pfunc
                0x0000000020000020        0x4 ./Src/SYSTICK_Prog.o
 *(COMMON)
                0x0000000020000024                . = ALIGN (0x4)
                0x0000000020000024                _ebss = .
                0x0000000020000024                __bss_end__ = _ebss

._user_heap_stack
                0x0000000020000024      0x604 load address 0x00000000080005c0
                0x0000000020000028                . = ALIGN (0x8)
 *fill*         0x0000000020000024        0x4 
                [!provide]                        PROVIDE (end = .)
                0x0000000020000028                PROVIDE (_end = .)
                0x0000000020000228                . = (. + _Min_Heap_Size)
 *fill*         0x0000000020000028      0x200 
                0x0000000020000628                . = (. + _Min_Stack_Size)
 *fill*         0x0000000020000228      0x400 
                0x0000000020000628                . = ALIGN (0x8)

/DISCARD/
 libc.a(*)
 libm.a(*)
 libgcc.a(*)

.ARM.attributes
                0x0000000000000000       0x29
 *(.ARM.attributes)
 .ARM.attributes
                0x0000000000000000       0x1d C:/ST/STM32CubeIDE_1.13.1/STM32CubeIDE/plugins/com.st.stm32cube.ide.mcu.externaltools.gnu-tools-for-stm32.11.3.rel1.win32_1.1.0.202305231506/tools/bin/../lib/gcc/arm-none-eabi/11.3.1/thumb/v7-m/nofp/crti.o
 .ARM.attributes
                0x000000000000001d       0x2d C:/ST/STM32CubeIDE_1.13.1/STM32CubeIDE/plugins/com.st.stm32cube.ide.mcu.externaltools.gnu-tools-for-stm32.11.3.rel1.win32_1.1.0.202305231506/tools/bin/../lib/gcc/arm-none-eabi/11.3.1/thumb/v7-m/nofp/crtbegin.o
 .ARM.attributes
                0x000000000000004a       0x2d ./Src/RCC_Prog.o
 .ARM.attributes
                0x0000000000000077       0x2d ./Src/SYSTICK_Prog.o
 .ARM.attributes
                0x00000000000000a4       0x2d ./Src/UART_Program.o
 .ARM.attributes
                0x00000000000000d1       0x2d ./Src/main.o
 .ARM.attributes
                0x00000000000000fe       0x21 ./Startup/startup_stm32f103c8tx.o
 .ARM.attributes
                0x000000000000011f       0x2d C:/ST/STM32CubeIDE_1.13.1/STM32CubeIDE/plugins/com.st.stm32cube.ide.mcu.externaltools.gnu-tools-for-stm32.11.3.rel1.win32_1.1.0.202305231506/tools/bin/../lib/gcc/arm-none-eabi/11.3.1/../../../../arm-none-eabi/lib/thumb/v7-m/nofp\libc_nano.a(libc_a-init.o)
 .ARM.attributes
                0x000000000000014c       0x1d C:/ST/STM32CubeIDE_1.13.1/STM32CubeIDE/plugins/com.st.stm32cube.ide.mcu.externaltools.gnu-tools-for-stm32.11.3.rel1.win32_1.1.0.202305231506/tools/bin/../lib/gcc/arm-none-eabi/11.3.1/thumb/v7-m/nofp/crtn.o
OUTPUT(ADC.elf elf32-littlearm)
LOAD linker stubs
LOAD C:/ST/STM32CubeIDE_1.13.1/STM32CubeIDE/plugins/com.st.stm32cube.ide.mcu.externaltools.gnu-tools-for-stm32.11.3.rel1.win32_1.1.0.202305231506/tools/bin/../lib/gcc/arm-none-eabi/11.3.1/../../../../arm-none-eabi/lib/thumb/v7-m/nofp\libc.a
LOAD C:/ST/STM32CubeIDE_1.13.1/STM32CubeIDE/plugins/com.st.stm32cube.ide.mcu.externaltools.gnu-tools-for-stm32.11.3.rel1.win32_1.1.0.202305231506/tools/bin/../lib/gcc/arm-none-eabi/11.3.1/../../../../arm-none-eabi/lib/thumb/v7-m/nofp\libm.a
LOAD C:/ST/STM32CubeIDE_1.13.1/STM32CubeIDE/plugins/com.st.stm32cube.ide.mcu.externaltools.gnu-tools-for-stm32.11.3.rel1.win32_1.1.0.202305231506/tools/bin/../lib/gcc/arm-none-eabi/11.3.1/thumb/v7-m/nofp\libgcc.a

.comment        0x0000000000000000       0x43
 .comment       0x0000000000000000       0x43 C:/ST/STM32CubeIDE_1.13.1/STM32CubeIDE/plugins/com.st.stm32cube.ide.mcu.externaltools.gnu-tools-for-stm32.11.3.rel1.win32_1.1.0.202305231506/tools/bin/../lib/gcc/arm-none-eabi/11.3.1/thumb/v7-m/nofp/crtbegin.o
                                         0x44 (size before relaxing)
 .comment       0x0000000000000043       0x44 ./Src/RCC_Prog.o
 .comment       0x0000000000000043       0x44 ./Src/SYSTICK_Prog.o
 .comment       0x0000000000000043       0x44 ./Src/UART_Program.o
 .comment       0x0000000000000043       0x44 ./Src/main.o

.debug_info     0x0000000000000000      0x9f7
 .debug_info    0x0000000000000000      0x1be ./Src/RCC_Prog.o
 .debug_info    0x00000000000001be      0x35d ./Src/SYSTICK_Prog.o
 .debug_info    0x000000000000051b      0x25a ./Src/UART_Program.o
 .debug_info    0x0000000000000775      0x25f ./Src/main.o
 .debug_info    0x00000000000009d4       0x23 ./Startup/startup_stm32f103c8tx.o

.debug_abbrev   0x0000000000000000      0x491
 .debug_abbrev  0x0000000000000000       0xcf ./Src/RCC_Prog.o
 .debug_abbrev  0x00000000000000cf      0x185 ./Src/SYSTICK_Prog.o
 .debug_abbrev  0x0000000000000254       0xfe ./Src/UART_Program.o
 .debug_abbrev  0x0000000000000352      0x12d ./Src/main.o
 .debug_abbrev  0x000000000000047f       0x12 ./Startup/startup_stm32f103c8tx.o

.debug_aranges  0x0000000000000000      0x130
 .debug_aranges
                0x0000000000000000       0x30 ./Src/RCC_Prog.o
 .debug_aranges
                0x0000000000000030       0x78 ./Src/SYSTICK_Prog.o
 .debug_aranges
                0x00000000000000a8       0x40 ./Src/UART_Program.o
 .debug_aranges
                0x00000000000000e8       0x20 ./Src/main.o
 .debug_aranges
                0x0000000000000108       0x28 ./Startup/startup_stm32f103c8tx.o

.debug_rnglists
                0x0000000000000000       0xcc
 .debug_rnglists
                0x0000000000000000       0x20 ./Src/RCC_Prog.o
 .debug_rnglists
                0x0000000000000020       0x55 ./Src/SYSTICK_Prog.o
 .debug_rnglists
                0x0000000000000075       0x2b ./Src/UART_Program.o
 .debug_rnglists
                0x00000000000000a0       0x13 ./Src/main.o
 .debug_rnglists
                0x00000000000000b3       0x19 ./Startup/startup_stm32f103c8tx.o

.debug_macro    0x0000000000000000      0x197
 .debug_macro   0x0000000000000000       0x49 ./Src/RCC_Prog.o
 .debug_macro   0x0000000000000049       0x28 ./Src/RCC_Prog.o
 .debug_macro   0x0000000000000071       0x49 ./Src/SYSTICK_Prog.o
 .debug_macro   0x00000000000000ba       0x5d ./Src/UART_Program.o
 .debug_macro   0x0000000000000117       0x80 ./Src/main.o

.debug_line     0x0000000000000000      0x6ba
 .debug_line    0x0000000000000000      0x101 ./Src/RCC_Prog.o
 .debug_line    0x0000000000000101      0x262 ./Src/SYSTICK_Prog.o
 .debug_line    0x0000000000000363      0x1bb ./Src/UART_Program.o
 .debug_line    0x000000000000051e      0x121 ./Src/main.o
 .debug_line    0x000000000000063f       0x7b ./Startup/startup_stm32f103c8tx.o

.debug_str      0x0000000000000000     0x3709
 .debug_str     0x0000000000000000     0x327f ./Src/RCC_Prog.o
                                       0x32e5 (size before relaxing)
 .debug_str     0x000000000000327f      0x2a0 ./Src/SYSTICK_Prog.o
                                       0x3465 (size before relaxing)
 .debug_str     0x000000000000351f      0x174 ./Src/UART_Program.o
                                       0x33c4 (size before relaxing)
 .debug_str     0x0000000000003693       0x47 ./Src/main.o
                                       0x3446 (size before relaxing)
 .debug_str     0x00000000000036da       0x2f ./Startup/startup_stm32f103c8tx.o
                                         0x44 (size before relaxing)

.debug_frame    0x0000000000000000      0x36c
 .debug_frame   0x0000000000000000       0x88 ./Src/RCC_Prog.o
 .debug_frame   0x0000000000000088      0x1b8 ./Src/SYSTICK_Prog.o
 .debug_frame   0x0000000000000240       0xd4 ./Src/UART_Program.o
 .debug_frame   0x0000000000000314       0x2c ./Src/main.o
 .debug_frame   0x0000000000000340       0x2c C:/ST/STM32CubeIDE_1.13.1/STM32CubeIDE/plugins/com.st.stm32cube.ide.mcu.externaltools.gnu-tools-for-stm32.11.3.rel1.win32_1.1.0.202305231506/tools/bin/../lib/gcc/arm-none-eabi/11.3.1/../../../../arm-none-eabi/lib/thumb/v7-m/nofp\libc_nano.a(libc_a-init.o)

.debug_line_str
                0x0000000000000000       0x38
 .debug_line_str
                0x0000000000000000       0x38 ./Startup/startup_stm32f103c8tx.o
                                         0x50 (size before relaxing)
