../Src/SYSTICK_Prog.c:17:6:SYSTICK_enuInit	0	static
../Src/SYSTICK_Prog.c:37:7:SYSTICK_voidEnable	0	static
../Src/SYSTICK_Prog.c:44:7:SYSTICK_voidDisable	0	static
../Src/SYSTICK_Prog.c:52:6:SYSTICK_voidSetPreload	0	static
../Src/SYSTICK_Prog.c:59:7:SYSTICK_voidEnableInterrupet	0	static
../Src/SYSTICK_Prog.c:64:7:SYSTICK_voidDisableInterrupet	0	static
../Src/SYSTICK_Prog.c:69:6:SYSTICK_enuDelay_ms_SingleInterval	8	static
../Src/SYSTICK_Prog.c:92:6:SYSTICK_enuDelay_ms_PeriodicInterval	8	static
../Src/SYSTICK_Prog.c:114:6:SYSTICK_enuDelay_us	8	static
../Src/SYSTICK_Prog.c:140:6:SYSTICK_enuGetRemainingTime	0	static
../Src/SYSTICK_Prog.c:149:6:SYSTICK_enuGetElapsedTime	0	static
../Src/SYSTICK_Prog.c:159:6:SysTick_Handler	8	static
