Archive member included to satisfy reference by file (symbol)

C:/ST/STM32CubeIDE_1.13.1/STM32CubeIDE/plugins/com.st.stm32cube.ide.mcu.externaltools.gnu-tools-for-stm32.11.3.rel1.win32_1.1.0.202305231506/tools/bin/../lib/gcc/arm-none-eabi/11.3.1/../../../../arm-none-eabi/lib/thumb/v7-m/nofp\libc_nano.a(libc_a-exit.o)
                              C:/ST/STM32CubeIDE_1.13.1/STM32CubeIDE/plugins/com.st.stm32cube.ide.mcu.externaltools.gnu-tools-for-stm32.11.3.rel1.win32_1.1.0.202305231506/tools/bin/../lib/gcc/arm-none-eabi/11.3.1/../../../../arm-none-eabi/lib/thumb/v7-m/nofp/crt0.o (exit)
C:/ST/STM32CubeIDE_1.13.1/STM32CubeIDE/plugins/com.st.stm32cube.ide.mcu.externaltools.gnu-tools-for-stm32.11.3.rel1.win32_1.1.0.202305231506/tools/bin/../lib/gcc/arm-none-eabi/11.3.1/../../../../arm-none-eabi/lib/thumb/v7-m/nofp\libc_nano.a(libc_a-findfp.o)
                              C:/ST/STM32CubeIDE_1.13.1/STM32CubeIDE/plugins/com.st.stm32cube.ide.mcu.externaltools.gnu-tools-for-stm32.11.3.rel1.win32_1.1.0.202305231506/tools/bin/../lib/gcc/arm-none-eabi/11.3.1/../../../../arm-none-eabi/lib/thumb/v7-m/nofp\libc_nano.a(libc_a-exit.o) (__stdio_exit_handler)
C:/ST/STM32CubeIDE_1.13.1/STM32CubeIDE/plugins/com.st.stm32cube.ide.mcu.externaltools.gnu-tools-for-stm32.11.3.rel1.win32_1.1.0.202305231506/tools/bin/../lib/gcc/arm-none-eabi/11.3.1/../../../../arm-none-eabi/lib/thumb/v7-m/nofp\libc_nano.a(libc_a-fwalk.o)
                              C:/ST/STM32CubeIDE_1.13.1/STM32CubeIDE/plugins/com.st.stm32cube.ide.mcu.externaltools.gnu-tools-for-stm32.11.3.rel1.win32_1.1.0.202305231506/tools/bin/../lib/gcc/arm-none-eabi/11.3.1/../../../../arm-none-eabi/lib/thumb/v7-m/nofp\libc_nano.a(libc_a-findfp.o) (_fwalk_sglue)
C:/ST/STM32CubeIDE_1.13.1/STM32CubeIDE/plugins/com.st.stm32cube.ide.mcu.externaltools.gnu-tools-for-stm32.11.3.rel1.win32_1.1.0.202305231506/tools/bin/../lib/gcc/arm-none-eabi/11.3.1/../../../../arm-none-eabi/lib/thumb/v7-m/nofp\libc_nano.a(libc_a-stdio.o)
                              C:/ST/STM32CubeIDE_1.13.1/STM32CubeIDE/plugins/com.st.stm32cube.ide.mcu.externaltools.gnu-tools-for-stm32.11.3.rel1.win32_1.1.0.202305231506/tools/bin/../lib/gcc/arm-none-eabi/11.3.1/../../../../arm-none-eabi/lib/thumb/v7-m/nofp\libc_nano.a(libc_a-findfp.o) (__sread)
C:/ST/STM32CubeIDE_1.13.1/STM32CubeIDE/plugins/com.st.stm32cube.ide.mcu.externaltools.gnu-tools-for-stm32.11.3.rel1.win32_1.1.0.202305231506/tools/bin/../lib/gcc/arm-none-eabi/11.3.1/../../../../arm-none-eabi/lib/thumb/v7-m/nofp\libc_nano.a(libc_a-memset.o)
                              C:/ST/STM32CubeIDE_1.13.1/STM32CubeIDE/plugins/com.st.stm32cube.ide.mcu.externaltools.gnu-tools-for-stm32.11.3.rel1.win32_1.1.0.202305231506/tools/bin/../lib/gcc/arm-none-eabi/11.3.1/../../../../arm-none-eabi/lib/thumb/v7-m/nofp/crt0.o (memset)
C:/ST/STM32CubeIDE_1.13.1/STM32CubeIDE/plugins/com.st.stm32cube.ide.mcu.externaltools.gnu-tools-for-stm32.11.3.rel1.win32_1.1.0.202305231506/tools/bin/../lib/gcc/arm-none-eabi/11.3.1/../../../../arm-none-eabi/lib/thumb/v7-m/nofp\libc_nano.a(libc_a-closer.o)
                              C:/ST/STM32CubeIDE_1.13.1/STM32CubeIDE/plugins/com.st.stm32cube.ide.mcu.externaltools.gnu-tools-for-stm32.11.3.rel1.win32_1.1.0.202305231506/tools/bin/../lib/gcc/arm-none-eabi/11.3.1/../../../../arm-none-eabi/lib/thumb/v7-m/nofp\libc_nano.a(libc_a-stdio.o) (_close_r)
C:/ST/STM32CubeIDE_1.13.1/STM32CubeIDE/plugins/com.st.stm32cube.ide.mcu.externaltools.gnu-tools-for-stm32.11.3.rel1.win32_1.1.0.202305231506/tools/bin/../lib/gcc/arm-none-eabi/11.3.1/../../../../arm-none-eabi/lib/thumb/v7-m/nofp\libc_nano.a(libc_a-reent.o)
                              C:/ST/STM32CubeIDE_1.13.1/STM32CubeIDE/plugins/com.st.stm32cube.ide.mcu.externaltools.gnu-tools-for-stm32.11.3.rel1.win32_1.1.0.202305231506/tools/bin/../lib/gcc/arm-none-eabi/11.3.1/../../../../arm-none-eabi/lib/thumb/v7-m/nofp\libc_nano.a(libc_a-closer.o) (errno)
C:/ST/STM32CubeIDE_1.13.1/STM32CubeIDE/plugins/com.st.stm32cube.ide.mcu.externaltools.gnu-tools-for-stm32.11.3.rel1.win32_1.1.0.202305231506/tools/bin/../lib/gcc/arm-none-eabi/11.3.1/../../../../arm-none-eabi/lib/thumb/v7-m/nofp\libc_nano.a(libc_a-impure.o)
                              C:/ST/STM32CubeIDE_1.13.1/STM32CubeIDE/plugins/com.st.stm32cube.ide.mcu.externaltools.gnu-tools-for-stm32.11.3.rel1.win32_1.1.0.202305231506/tools/bin/../lib/gcc/arm-none-eabi/11.3.1/../../../../arm-none-eabi/lib/thumb/v7-m/nofp\libc_nano.a(libc_a-reent.o) (_impure_ptr)
C:/ST/STM32CubeIDE_1.13.1/STM32CubeIDE/plugins/com.st.stm32cube.ide.mcu.externaltools.gnu-tools-for-stm32.11.3.rel1.win32_1.1.0.202305231506/tools/bin/../lib/gcc/arm-none-eabi/11.3.1/../../../../arm-none-eabi/lib/thumb/v7-m/nofp\libc_nano.a(libc_a-lseekr.o)
[...]
Memory Configuration

Name             Origin             Length             Attributes
RAM              0x0000000020000000 0x0000000000005000 xrw
FLASH            0x0000000008000000 0x0000000000010000 xr
*default*        0x0000000000000000 0xffffffffffffffff

Linker script and memory map

LOAD C:/ST/STM32CubeIDE_1.13.1/STM32CubeIDE/plugins/com.st.stm32cube.ide.mcu.externaltools.gnu-tools-for-stm32.11.3.rel1.win32_1.1.0.202305231506/tools/bin/../lib/gcc/arm-none-eabi/11.3.1/thumb/v7-m/nofp/crti.o
LOAD C:/ST/STM32CubeIDE_1.13.1/STM32CubeIDE/plugins/com.st.stm32cube.ide.mcu.externaltools.gnu-tools-for-stm32.11.3.rel1.win32_1.1.0.202305231506/tools/bin/../lib/gcc/arm-none-eabi/11.3.1/thumb/v7-m/nofp/crtbegin.o
LOAD C:/ST/STM32CubeIDE_1.13.1/STM32CubeIDE/plugins/com.st.stm32cube.ide.mcu.externaltools.gnu-tools-for-stm32.11.3.rel1.win32_1.1.0.202305231506/tools/bin/../lib/gcc/arm-none-eabi/11.3.1/../../../../arm-none-eabi/lib/thumb/v7-m/nofp/crt0.o
LOAD ./Src/ADC_Prog.o
LOAD ./Src/DS18B20.o
LOAD ./Src/GPIO_Prog.o
LOAD ./Src/PH_Prog.o
LOAD ./Src/RCC_Prog.o
LOAD ./Src/SYSTICK_Prog.o
LOAD ./Src/UART_Program.o
LOAD ./Src/main.o
LOAD ./Src/syscalls.o
LOAD ./Src/sysmem.o
LOAD ./Startup/startup_stm32f103c8tx.o
START GROUP
LOAD C:/ST/STM32CubeIDE_1.13.1/STM32CubeIDE/plugins/com.st.stm32cube.ide.mcu.externaltools.gnu-tools-for-stm32.11.3.rel1.win32_1.1.0.202305231506/tools/bin/../lib/gcc/arm-none-eabi/11.3.1/../../../../arm-none-eabi/lib/thumb/v7-m/nofp\libc_nano.a
LOAD C:/ST/STM32CubeIDE_1.13.1/STM32CubeIDE/plugins/com.st.stm32cube.ide.mcu.externaltools.gnu-tools-for-stm32.11.3.rel1.win32_1.1.0.202305231506/tools/bin/../lib/gcc/arm-none-eabi/11.3.1/../../../../arm-none-eabi/lib/thumb/v7-m/nofp\libm.a
END GROUP
START GROUP
LOAD C:/ST/STM32CubeIDE_1.13.1/STM32CubeIDE/plugins/com.st.stm32cube.ide.mcu.externaltools.gnu-tools-for-stm32.11.3.rel1.win32_1.1.0.202305231506/tools/bin/../lib/gcc/arm-none-eabi/11.3.1/thumb/v7-m/nofp\libgcc.a
LOAD C:/ST/STM32CubeIDE_1.13.1/STM32CubeIDE/plugins/com.st.stm32cube.ide.mcu.externaltools.gnu-tools-for-stm32.11.3.rel1.win32_1.1.0.202305231506/tools/bin/../lib/gcc/arm-none-eabi/11.3.1/../../../../arm-none-eabi/lib/thumb/v7-m/nofp\libc_nano.a
END GROUP
START GROUP
LOAD C:/ST/STM32CubeIDE_1.13.1/STM32CubeIDE/plugins/com.st.stm32cube.ide.mcu.externaltools.gnu-tools-for-stm32.11.3.rel1.win32_1.1.0.202305231506/tools/bin/../lib/gcc/arm-none-eabi/11.3.1/thumb/v7-m/nofp\libgcc.a
LOAD C:/ST/STM32CubeIDE_1.13.1/STM32CubeIDE/plugins/com.st.stm32cube.ide.mcu.externaltools.gnu-tools-for-stm32.11.3.rel1.win32_1.1.0.202305231506/tools/bin/../lib/gcc/arm-none-eabi/11.3.1/../../../../arm-none-eabi/lib/thumb/v7-m/nofp\libc_nano.a
LOAD C:/ST/STM32CubeIDE_1.13.1/STM32CubeIDE/plugins/com.st.stm32cube.ide.mcu.externaltools.gnu-tools-for-stm32.11.3.rel1.win32_1.1.0.202305231506/tools/bin/../lib/gcc/arm-none-eabi/11.3.1/../../../../arm-none-eabi/lib/thumb/v7-m/nofp\libnosys.a
END GROUP
START GROUP
LOAD C:/ST/STM32CubeIDE_1.13.1/STM32CubeIDE/plugins/com.st.stm32cube.ide.mcu.externaltools.gnu-tools-for-stm32.11.3.rel1.win32_1.1.0.202305231506/tools/bin/../lib/gcc/arm-none-eabi/11.3.1/thumb/v7-m/nofp\libgcc.a
LOAD C:/ST/STM32CubeIDE_1.13.1/STM32CubeIDE/plugins/com.st.stm32cube.ide.mcu.externaltools.gnu-tools-for-stm32.11.3.rel1.win32_1.1.0.202305231506/tools/bin/../lib/gcc/arm-none-eabi/11.3.1/../../../../arm-none-eabi/lib/thumb/v7-m/nofp\libc_nano.a
LOAD C:/ST/STM32CubeIDE_1.13.1/STM32CubeIDE/plugins/com.st.stm32cube.ide.mcu.externaltools.gnu-tools-for-stm32.11.3.rel1.win32_1.1.0.202305231506/tools/bin/../lib/gcc/arm-none-eabi/11.3.1/../../../../arm-none-eabi/lib/thumb/v7-m/nofp\libnosys.a
END GROUP
LOAD C:/ST/STM32CubeIDE_1.13.1/STM32CubeIDE/plugins/com.st.stm32cube.ide.mcu.externaltools.gnu-tools-for-stm32.11.3.rel1.win32_1.1.0.202305231506/tools/bin/../lib/gcc/arm-none-eabi/11.3.1/thumb/v7-m/nofp/crtend.o
LOAD C:/ST/STM32CubeIDE_1.13.1/STM32CubeIDE/plugins/com.st.stm32cube.ide.mcu.externaltools.gnu-tools-for-stm32.11.3.rel1.win32_1.1.0.202305231506/tools/bin/../lib/gcc/arm-none-eabi/11.3.1/thumb/v7-m/nofp/crtn.o
                0x0000000020005000                _estack = (ORIGIN (RAM) + LENGTH (RAM))
                0x0000000000000200                _Min_Heap_Size = 0x200
                0x0000000000000400                _Min_Stack_Size = 0x400

.isr_vector     0x0000000008000000      0x130
                0x0000000008000000                . = ALIGN (0x4)
 *(.isr_vector)
 .isr_vector    0x0000000008000000      0x130 ./Startup/startup_stm32f103c8tx.o
                0x0000000008000000                g_pfnVectors
                0x0000000008000130                . = ALIGN (0x4)

.text           0x0000000008000130     0x1500
                0x0000000008000130                . = ALIGN (0x4)
 *(.text)
 .text          0x0000000008000130       0x40 C:/ST/STM32CubeIDE_1.13.1/STM32CubeIDE/plugins/com.st.stm32cube.ide.mcu.externaltools.gnu-tools-for-stm32.11.3.rel1.win32_1.1.0.202305231506/tools/bin/../lib/gcc/arm-none-eabi/11.3.1/thumb/v7-m/nofp/crtbegin.o
 .text          0x0000000008000170      0x168 C:/ST/STM32CubeIDE_1.13.1/STM32CubeIDE/plugins/com.st.stm32cube.ide.mcu.externaltools.gnu-tools-for-stm32.11.3.rel1.win32_1.1.0.202305231506/tools/bin/../lib/gcc/arm-none-eabi/11.3.1/thumb/v7-m/nofp\libgcc.a(_arm_mulsf3.o)
                0x0000000008000170                __aeabi_fmul
                0x0000000008000170                __mulsf3
 .text          0x00000000080002d8      0x378 C:/ST/STM32CubeIDE_1.13.1/STM32CubeIDE/plugins/com.st.stm32cube.ide.mcu.externaltools.gnu-tools-for-stm32.11.3.rel1.win32_1.1.0.202305231506/tools/bin/../lib/gcc/arm-none-eabi/11.3.1/thumb/v7-m/nofp\libgcc.a(_arm_addsubdf3.o)
                0x00000000080002d8                __aeabi_drsub
                0x00000000080002e0                __aeabi_dsub
                0x00000000080002e0                __subdf3
                0x00000000080002e4                __aeabi_dadd
                0x00000000080002e4                __adddf3
                0x000000000800055c                __floatunsidf
                0x000000000800055c                __aeabi_ui2d
                0x000000000800057c                __floatsidf
                0x000000000800057c                __aeabi_i2d
                0x00000000080005a0                __aeabi_f2d
                0x00000000080005a0                __extendsfdf2
                0x00000000080005e4                __floatundidf
                0x00000000080005e4                __aeabi_ul2d
                0x00000000080005f4                __floatdidf
                0x00000000080005f4                __aeabi_l2d
 .text          0x0000000008000650      0x424 C:/ST/STM32CubeIDE_1.13.1/STM32CubeIDE/plugins/com.st.stm32cube.ide.mcu.externaltools.gnu-tools-for-stm32.11.3.rel1.win32_1.1.0.202305231506/tools/bin/../lib/gcc/arm-none-eabi/11.3.1/thumb/v7-m/nofp\libgcc.a(_arm_muldivdf3.o)
                0x0000000008000650                __aeabi_dmul
                0x0000000008000650                __muldf3
                0x00000000080008a4                __divdf3
                0x00000000080008a4                __aeabi_ddiv
 .text          0x0000000008000a74       0xa0 C:/ST/STM32CubeIDE_1.13.1/STM32CubeIDE/plugins/com.st.stm32cube.ide.mcu.externaltools.gnu-tools-for-stm32.11.3.rel1.win32_1.1.0.202305231506/tools/bin/../lib/gcc/arm-none-eabi/11.3.1/thumb/v7-m/nofp\libgcc.a(_arm_truncdfsf2.o)
                0x0000000008000a74                __truncdfsf2
                0x0000000008000a74                __aeabi_d2f
 .text          0x0000000008000b14      0x21c C:/ST/STM32CubeIDE_1.13.1/STM32CubeIDE/plugins/com.st.stm32cube.ide.mcu.externaltools.gnu-tools-for-stm32.11.3.rel1.win32_1.1.0.202305231506/tools/bin/../lib/gcc/arm-none-eabi/11.3.1/thumb/v7-m/nofp\libgcc.a(_arm_addsubsf3.o)
                0x0000000008000b14                __aeabi_frsub
                0x0000000008000b1c                __subsf3
                0x0000000008000b1c                __aeabi_fsub
                0x0000000008000b20                __aeabi_fadd
                0x0000000008000b20                __addsf3
                0x0000000008000c80                __aeabi_ui2f
                0x0000000008000c80                __floatunsisf
                0x0000000008000c88                __aeabi_i2f
                0x0000000008000c88                __floatsisf
                0x0000000008000ca4                __aeabi_ul2f
                0x0000000008000ca4                __floatundisf
                0x0000000008000cb4                __aeabi_l2f
                0x0000000008000cb4                __floatdisf
 .text          0x0000000008000d30       0x40 C:/ST/STM32CubeIDE_1.13.1/STM32CubeIDE/plugins/com.st.stm32cube.ide.mcu.externaltools.gnu-tools-for-stm32.11.3.rel1.win32_1.1.0.202305231506/tools/bin/../lib/gcc/arm-none-eabi/11.3.1/thumb/v7-m/nofp\libgcc.a(_arm_fixunssfsi.o)
                0x0000000008000d30                __fixunssfsi
                0x0000000008000d30                __aeabi_f2uiz
 *(.text*)
 .text.ADC_enuInit
                0x0000000008000d70       0x94 ./Src/ADC_Prog.o
                0x0000000008000d70                ADC_enuInit
 .text.ADC_SelectChannel
                0x0000000008000e04       0x54 ./Src/ADC_Prog.o
                0x0000000008000e04                ADC_SelectChannel
 .text.ADC_vSetSampleTime
                0x0000000008000e58       0x28 ./Src/ADC_Prog.o
                0x0000000008000e58                ADC_vSetSampleTime
 .text.ADC_vStartConversion
                0x0000000008000e80       0x18 ./Src/ADC_Prog.o
                0x0000000008000e80                ADC_vStartConversion
 .text.ADC_vPollingSystem
                0x0000000008000e98       0x1c ./Src/ADC_Prog.o
                0x0000000008000e98                ADC_vPollingSystem
 .text.ADC_enuRead
                0x0000000008000eb4        0xc ./Src/ADC_Prog.o
                0x0000000008000eb4                ADC_enuRead
 .text.ADC_vStopConversion
                0x0000000008000ec0       0x18 ./Src/ADC_Prog.o
                0x0000000008000ec0                ADC_vStopConversion
 .text.DS18B20_set_pin_output
                0x0000000008000ed8       0x14 ./Src/DS18B20.o
                0x0000000008000ed8                DS18B20_set_pin_output
 .text.DS18B20_set_pin_input
                0x0000000008000eec       0x14 ./Src/DS18B20.o
                0x0000000008000eec                DS18B20_set_pin_input
 .text.DS18B20_start_sensor
                0x0000000008000f00       0x64 ./Src/DS18B20.o
                0x0000000008000f00                DS18B20_start_sensor
 .text.DS18B20_writeData
                0x0000000008000f64       0x54 ./Src/DS18B20.o
                0x0000000008000f64                DS18B20_writeData
 .text.DS18B20_read_data
                0x0000000008000fb8       0x58 ./Src/DS18B20.o
                0x0000000008000fb8                DS18B20_read_data
 .text.DS18B20_read_temp_celsius
                0x0000000008001010       0x64 ./Src/DS18B20.o
                0x0000000008001010                DS18B20_read_temp_celsius
 .text.GPIO_enuSetPinMode
                0x0000000008001074       0x78 ./Src/GPIO_Prog.o
                0x0000000008001074                GPIO_enuSetPinMode
 .text.GPIO_enuSetPinValue
                0x00000000080010ec       0x48 ./Src/GPIO_Prog.o
                0x00000000080010ec                GPIO_enuSetPinValue
 .text.GPIO_enuGetPinValue
                0x0000000008001134       0x28 ./Src/GPIO_Prog.o
                0x0000000008001134                GPIO_enuGetPinValue
 .text.pH_enuInit
                0x000000000800115c       0x38 ./Src/PH_Prog.o
                0x000000000800115c                pH_enuInit
 *fill*         0x0000000008001194        0x4 
 .text.pH_enuReadValue
                0x0000000008001198       0xdc ./Src/PH_Prog.o
                0x0000000008001198                pH_enuReadValue
 .text.ConvertFloatToString
                0x0000000008001274       0x4c ./Src/PH_Prog.o
                0x0000000008001274                ConvertFloatToString
 .text.ConverFracToString
                0x00000000080012c0       0x70 ./Src/PH_Prog.o
                0x00000000080012c0                ConverFracToString
 .text.RCC_voidSelectClock
                0x0000000008001330       0x64 ./Src/RCC_Prog.o
                0x0000000008001330                RCC_voidSelectClock
 .text.RCC_voidEnablePeriphralCLK
                0x0000000008001394       0x38 ./Src/RCC_Prog.o
                0x0000000008001394                RCC_voidEnablePeriphralCLK
 .text.SYSTICK_enuInit
                0x00000000080013cc       0x30 ./Src/SYSTICK_Prog.o
                0x00000000080013cc                SYSTICK_enuInit
 .text.SYSTICK_voidEnable
                0x00000000080013fc        0xe ./Src/SYSTICK_Prog.o
                0x00000000080013fc                SYSTICK_voidEnable
 .text.SYSTICK_voidDisable
                0x000000000800140a       0x14 ./Src/SYSTICK_Prog.o
                0x000000000800140a                SYSTICK_voidDisable
 .text.SYSTICK_voidDisableInterrupet
                0x000000000800141e        0xe ./Src/SYSTICK_Prog.o
                0x000000000800141e                SYSTICK_voidDisableInterrupet
 .text.SYSTICK_enuDelay_us
                0x000000000800142c       0x28 ./Src/SYSTICK_Prog.o
                0x000000000800142c                SYSTICK_enuDelay_us
 .text.SysTick_Handler
                0x0000000008001454       0x28 ./Src/SYSTICK_Prog.o
                0x0000000008001454                SysTick_Handler
 .text.UART_vInit
                0x000000000800147c       0x3c ./Src/UART_Program.o
                0x000000000800147c                UART_vInit
 .text.UART_vSendStream
                0x00000000080014b8       0x34 ./Src/UART_Program.o
                0x00000000080014b8                UART_vSendStream
 .text.startup.main
                0x00000000080014ec       0x90 ./Src/main.o
                0x00000000080014ec                main
 .text.Reset_Handler
                0x000000000800157c       0x50 ./Startup/startup_stm32f103c8tx.o
                0x000000000800157c                Reset_Handler
 .text.Default_Handler
                0x00000000080015cc        0x2 ./Startup/startup_stm32f103c8tx.o
                0x00000000080015cc                EXTI2_IRQHandler
                0x00000000080015cc                TIM8_TRG_COM_IRQHandler
                0x00000000080015cc                TIM8_CC_IRQHandler
                0x00000000080015cc                DebugMon_Handler
                0x00000000080015cc                TIM1_CC_IRQHandler
                0x00000000080015cc                HardFault_Handler
                0x00000000080015cc                TIM6_IRQHandler
                0x00000000080015cc                PVD_IRQHandler
                0x00000000080015cc                SDIO_IRQHandler
                0x00000000080015cc                PendSV_Handler
                0x00000000080015cc                NMI_Handler
                0x00000000080015cc                EXTI3_IRQHandler
                0x00000000080015cc                USB_HP_CAN_TX_IRQHandler
                0x00000000080015cc                EXTI0_IRQHandler
                0x00000000080015cc                I2C2_EV_IRQHandler
                0x00000000080015cc                UsageFault_Handler
                0x00000000080015cc                ADC1_2_IRQHandler
                0x00000000080015cc                SPI1_IRQHandler
                0x00000000080015cc                CAN_SCE_IRQHandler
                0x00000000080015cc                TAMPER_IRQHandler
                0x00000000080015cc                TIM8_UP_IRQHandler
                0x00000000080015cc                DMA2_Channel2_IRQHandler
                0x00000000080015cc                DMA1_Channel4_IRQHandler
                0x00000000080015cc                USART3_IRQHandler
                0x00000000080015cc                RTC_IRQHandler
                0x00000000080015cc                DMA1_Channel7_IRQHandler
                0x00000000080015cc                UART5_IRQHandler
                0x00000000080015cc                ADC3_IRQHandler
                0x00000000080015cc                TIM4_IRQHandler
                0x00000000080015cc                CAN_RX1_IRQHandler
                0x00000000080015cc                DMA2_Channel1_IRQHandler
                0x00000000080015cc                I2C1_EV_IRQHandler
                0x00000000080015cc                DMA1_Channel6_IRQHandler
                0x00000000080015cc                UART4_IRQHandler
                0x00000000080015cc                TIM3_IRQHandler
                0x00000000080015cc                RCC_IRQHandler
                0x00000000080015cc                TIM1_TRG_COM_IRQHandler
                0x00000000080015cc                DMA1_Channel1_IRQHandler
                0x00000000080015cc                Default_Handler
                0x00000000080015cc                EXTI15_10_IRQHandler
                0x00000000080015cc                TIM7_IRQHandler
                0x00000000080015cc                TIM5_IRQHandler
                0x00000000080015cc                EXTI9_5_IRQHandler
                0x00000000080015cc                SPI2_IRQHandler
                0x00000000080015cc                USB_LP_CAN_RX0_IRQHandler
                0x00000000080015cc                MemManage_Handler
                0x00000000080015cc                SVC_Handler
                0x00000000080015cc                DMA1_Channel5_IRQHandler
                0x00000000080015cc                EXTI4_IRQHandler
                0x00000000080015cc                DMA1_Channel3_IRQHandler
                0x00000000080015cc                FSMC_IRQHandler
                0x00000000080015cc                TIM1_UP_IRQHandler
                0x00000000080015cc                WWDG_IRQHandler
                0x00000000080015cc                TIM2_IRQHandler
                0x00000000080015cc                TIM1_BRK_IRQHandler
                0x00000000080015cc                EXTI1_IRQHandler
                0x00000000080015cc                RTCAlarm_IRQHandler
                0x00000000080015cc                DMA2_Channel4_5_IRQHandler
                0x00000000080015cc                USART2_IRQHandler
                0x00000000080015cc                I2C2_ER_IRQHandler
                0x00000000080015cc                DMA1_Channel2_IRQHandler
                0x00000000080015cc                TIM8_BRK_IRQHandler
                0x00000000080015cc                FLASH_IRQHandler
                0x00000000080015cc                BusFault_Handler
                0x00000000080015cc                USART1_IRQHandler
                0x00000000080015cc                SPI3_IRQHandler
                0x00000000080015cc                I2C1_ER_IRQHandler
                0x00000000080015cc                DMA2_Channel3_IRQHandler
 *fill*         0x00000000080015ce        0x2 
 .text.__libc_init_array
                0x00000000080015d0       0x48 C:/ST/STM32CubeIDE_1.13.1/STM32CubeIDE/plugins/com.st.stm32cube.ide.mcu.externaltools.gnu-tools-for-stm32.11.3.rel1.win32_1.1.0.202305231506/tools/bin/../lib/gcc/arm-none-eabi/11.3.1/../../../../arm-none-eabi/lib/thumb/v7-m/nofp\libc_nano.a(libc_a-init.o)
                0x00000000080015d0                __libc_init_array
 *(.glue_7)
 .glue_7        0x0000000008001618        0x0 linker stubs
 *(.glue_7t)
 .glue_7t       0x0000000008001618        0x0 linker stubs
 *(.eh_frame)
 .eh_frame      0x0000000008001618        0x0 C:/ST/STM32CubeIDE_1.13.1/STM32CubeIDE/plugins/com.st.stm32cube.ide.mcu.externaltools.gnu-tools-for-stm32.11.3.rel1.win32_1.1.0.202305231506/tools/bin/../lib/gcc/arm-none-eabi/11.3.1/thumb/v7-m/nofp/crtbegin.o
 *(.init)
 .init          0x0000000008001618        0x4 C:/ST/STM32CubeIDE_1.13.1/STM32CubeIDE/plugins/com.st.stm32cube.ide.mcu.externaltools.gnu-tools-for-stm32.11.3.rel1.win32_1.1.0.202305231506/tools/bin/../lib/gcc/arm-none-eabi/11.3.1/thumb/v7-m/nofp/crti.o
                0x0000000008001618                _init
 .init          0x000000000800161c        0x8 C:/ST/STM32CubeIDE_1.13.1/STM32CubeIDE/plugins/com.st.stm32cube.ide.mcu.externaltools.gnu-tools-for-stm32.11.3.rel1.win32_1.1.0.202305231506/tools/bin/../lib/gcc/arm-none-eabi/11.3.1/thumb/v7-m/nofp/crtn.o
 *(.fini)
 .fini          0x0000000008001624        0x4 C:/ST/STM32CubeIDE_1.13.1/STM32CubeIDE/plugins/com.st.stm32cube.ide.mcu.externaltools.gnu-tools-for-stm32.11.3.rel1.win32_1.1.0.202305231506/tools/bin/../lib/gcc/arm-none-eabi/11.3.1/thumb/v7-m/nofp/crti.o
                0x0000000008001624                _fini
 .fini          0x0000000008001628        0x8 C:/ST/STM32CubeIDE_1.13.1/STM32CubeIDE/plugins/com.st.stm32cube.ide.mcu.externaltools.gnu-tools-for-stm32.11.3.rel1.win32_1.1.0.202305231506/tools/bin/../lib/gcc/arm-none-eabi/11.3.1/thumb/v7-m/nofp/crtn.o
                0x0000000008001630                . = ALIGN (0x4)
                0x0000000008001630                _etext = .

.vfp11_veneer   0x0000000008001630        0x0
 .vfp11_veneer  0x0000000008001630        0x0 linker stubs

.v4_bx          0x0000000008001630        0x0
 .v4_bx         0x0000000008001630        0x0 linker stubs

.iplt           0x0000000008001630        0x0
 .iplt          0x0000000008001630        0x0 C:/ST/STM32CubeIDE_1.13.1/STM32CubeIDE/plugins/com.st.stm32cube.ide.mcu.externaltools.gnu-tools-for-stm32.11.3.rel1.win32_1.1.0.202305231506/tools/bin/../lib/gcc/arm-none-eabi/11.3.1/thumb/v7-m/nofp/crtbegin.o

.rodata         0x0000000008001630        0xc
                0x0000000008001630                . = ALIGN (0x4)
 *(.rodata)
 *(.rodata*)
 .rodata.GPIO_APS
                0x0000000008001630        0xc ./Src/GPIO_Prog.o
                0x000000000800163c                . = ALIGN (0x4)

.rel.dyn        0x000000000800163c        0x0
 .rel.iplt      0x000000000800163c        0x0 C:/ST/STM32CubeIDE_1.13.1/STM32CubeIDE/plugins/com.st.stm32cube.ide.mcu.externaltools.gnu-tools-for-stm32.11.3.rel1.win32_1.1.0.202305231506/tools/bin/../lib/gcc/arm-none-eabi/11.3.1/thumb/v7-m/nofp/crtbegin.o

.ARM.extab      0x000000000800163c        0x0
                0x000000000800163c                . = ALIGN (0x4)
 *(.ARM.extab* .gnu.linkonce.armextab.*)
                0x000000000800163c                . = ALIGN (0x4)

.ARM            0x000000000800163c        0x0
                0x000000000800163c                . = ALIGN (0x4)
                0x000000000800163c                __exidx_start = .
 *(.ARM.exidx*)
                0x000000000800163c                __exidx_end = .
                0x000000000800163c                . = ALIGN (0x4)

.preinit_array  0x000000000800163c        0x0
                0x000000000800163c                . = ALIGN (0x4)
                0x000000000800163c                PROVIDE (__preinit_array_start = .)
 *(.preinit_array*)
                0x000000000800163c                PROVIDE (__preinit_array_end = .)
                0x000000000800163c                . = ALIGN (0x4)

.init_array     0x000000000800163c        0x4
                0x000000000800163c                . = ALIGN (0x4)
                0x000000000800163c                PROVIDE (__init_array_start = .)
 *(SORT_BY_NAME(.init_array.*))
 *(.init_array*)
 .init_array    0x000000000800163c        0x4 C:/ST/STM32CubeIDE_1.13.1/STM32CubeIDE/plugins/com.st.stm32cube.ide.mcu.externaltools.gnu-tools-for-stm32.11.3.rel1.win32_1.1.0.202305231506/tools/bin/../lib/gcc/arm-none-eabi/11.3.1/thumb/v7-m/nofp/crtbegin.o
                0x0000000008001640                PROVIDE (__init_array_end = .)
                0x0000000008001640                . = ALIGN (0x4)

.fini_array     0x0000000008001640        0x4
                0x0000000008001640                . = ALIGN (0x4)
                [!provide]                        PROVIDE (__fini_array_start = .)
 *(SORT_BY_NAME(.fini_array.*))
 *(.fini_array*)
 .fini_array    0x0000000008001640        0x4 C:/ST/STM32CubeIDE_1.13.1/STM32CubeIDE/plugins/com.st.stm32cube.ide.mcu.externaltools.gnu-tools-for-stm32.11.3.rel1.win32_1.1.0.202305231506/tools/bin/../lib/gcc/arm-none-eabi/11.3.1/thumb/v7-m/nofp/crtbegin.o
                [!provide]                        PROVIDE (__fini_array_end = .)
                0x0000000008001644                . = ALIGN (0x4)
                0x0000000008001644                _sidata = LOADADDR (.data)

.data           0x0000000020000000        0x0 load address 0x0000000008001644
                0x0000000020000000                . = ALIGN (0x4)
                0x0000000020000000                _sdata = .
 *(.data)
 *(.data*)
 *(.RamFunc)
 *(.RamFunc*)
                0x0000000020000000                . = ALIGN (0x4)
                0x0000000020000000                _edata = .

.igot.plt       0x0000000020000000        0x0 load address 0x0000000008001644
 .igot.plt      0x0000000020000000        0x0 C:/ST/STM32CubeIDE_1.13.1/STM32CubeIDE/plugins/com.st.stm32cube.ide.mcu.externaltools.gnu-tools-for-stm32.11.3.rel1.win32_1.1.0.202305231506/tools/bin/../lib/gcc/arm-none-eabi/11.3.1/thumb/v7-m/nofp/crtbegin.o
                0x0000000020000000                . = ALIGN (0x4)

.bss            0x0000000020000000       0x58 load address 0x0000000008001644
                0x0000000020000000                _sbss = .
                0x0000000020000000                __bss_start__ = _sbss
 *(.bss)
 .bss           0x0000000020000000       0x1c C:/ST/STM32CubeIDE_1.13.1/STM32CubeIDE/plugins/com.st.stm32cube.ide.mcu.externaltools.gnu-tools-for-stm32.11.3.rel1.win32_1.1.0.202305231506/tools/bin/../lib/gcc/arm-none-eabi/11.3.1/thumb/v7-m/nofp/crtbegin.o
 *(.bss*)
 .bss.ds18b20   0x000000002000001c        0x3 ./Src/DS18B20.o
                0x000000002000001c                ds18b20
 .bss.App_PORTA
                0x000000002000001f        0x3 ./Src/PH_Prog.o
                0x000000002000001f                App_PORTA
 *fill*         0x0000000020000022        0x2 
 .bss.STK_Pfunc
                0x0000000020000024        0x4 ./Src/SYSTICK_Prog.o
 .bss.flag      0x0000000020000028        0x1 ./Src/SYSTICK_Prog.o
                0x0000000020000028                flag
 .bss.App_Temp_str
                0x0000000020000029        0x7 ./Src/main.o
                0x0000000020000029                App_Temp_str
 .bss.App_TempuratureVal
                0x0000000020000030        0x4 ./Src/main.o
                0x0000000020000030                App_TempuratureVal
 .bss.App_indexoF_Ph_str
                0x0000000020000034        0x1 ./Src/main.o
                0x0000000020000034                App_indexoF_Ph_str
 .bss.App_indexoF_Temp_str
                0x0000000020000035        0x1 ./Src/main.o
                0x0000000020000035                App_indexoF_Temp_str
 .bss.App_phBuff
                0x0000000020000036       0x14 ./Src/main.o
                0x0000000020000036                App_phBuff
 *fill*         0x000000002000004a        0x2 
 .bss.App_ph_f32Value
                0x000000002000004c        0x4 ./Src/main.o
                0x000000002000004c                App_ph_f32Value
 .bss.App_ph_str
                0x0000000020000050        0x7 ./Src/main.o
                0x0000000020000050                App_ph_str
 *(COMMON)
                0x0000000020000058                . = ALIGN (0x4)
 *fill*         0x0000000020000057        0x1 
                0x0000000020000058                _ebss = .
                0x0000000020000058                __bss_end__ = _ebss

._user_heap_stack
                0x0000000020000058      0x600 load address 0x0000000008001644
                0x0000000020000058                . = ALIGN (0x8)
                [!provide]                        PROVIDE (end = .)
                0x0000000020000058                PROVIDE (_end = .)
                0x0000000020000258                . = (. + _Min_Heap_Size)
 *fill*         0x0000000020000058      0x200 
                0x0000000020000658                . = (. + _Min_Stack_Size)
 *fill*         0x0000000020000258      0x400 
                0x0000000020000658                . = ALIGN (0x8)

/DISCARD/
 libc.a(*)
 libm.a(*)
 libgcc.a(*)

.ARM.attributes
                0x0000000000000000       0x29
 *(.ARM.attributes)
 .ARM.attributes
                0x0000000000000000       0x1d C:/ST/STM32CubeIDE_1.13.1/STM32CubeIDE/plugins/com.st.stm32cube.ide.mcu.externaltools.gnu-tools-for-stm32.11.3.rel1.win32_1.1.0.202305231506/tools/bin/../lib/gcc/arm-none-eabi/11.3.1/thumb/v7-m/nofp/crti.o
 .ARM.attributes
                0x000000000000001d       0x2d C:/ST/STM32CubeIDE_1.13.1/STM32CubeIDE/plugins/com.st.stm32cube.ide.mcu.externaltools.gnu-tools-for-stm32.11.3.rel1.win32_1.1.0.202305231506/tools/bin/../lib/gcc/arm-none-eabi/11.3.1/thumb/v7-m/nofp/crtbegin.o
 .ARM.attributes
                0x000000000000004a       0x2d ./Src/ADC_Prog.o
 .ARM.attributes
                0x0000000000000077       0x2d ./Src/DS18B20.o
 .ARM.attributes
                0x00000000000000a4       0x2d ./Src/GPIO_Prog.o
 .ARM.attributes
                0x00000000000000d1       0x2d ./Src/PH_Prog.o
 .ARM.attributes
                0x00000000000000fe       0x2d ./Src/RCC_Prog.o
 .ARM.attributes
                0x000000000000012b       0x2d ./Src/SYSTICK_Prog.o
 .ARM.attributes
                0x0000000000000158       0x2d ./Src/UART_Program.o
 .ARM.attributes
                0x0000000000000185       0x2d ./Src/main.o
 .ARM.attributes
                0x00000000000001b2       0x21 ./Startup/startup_stm32f103c8tx.o
 .ARM.attributes
                0x00000000000001d3       0x2d C:/ST/STM32CubeIDE_1.13.1/STM32CubeIDE/plugins/com.st.stm32cube.ide.mcu.externaltools.gnu-tools-for-stm32.11.3.rel1.win32_1.1.0.202305231506/tools/bin/../lib/gcc/arm-none-eabi/11.3.1/../../../../arm-none-eabi/lib/thumb/v7-m/nofp\libc_nano.a(libc_a-init.o)
 .ARM.attributes
                0x0000000000000200       0x1d C:/ST/STM32CubeIDE_1.13.1/STM32CubeIDE/plugins/com.st.stm32cube.ide.mcu.externaltools.gnu-tools-for-stm32.11.3.rel1.win32_1.1.0.202305231506/tools/bin/../lib/gcc/arm-none-eabi/11.3.1/thumb/v7-m/nofp\libgcc.a(_arm_mulsf3.o)
 .ARM.attributes
                0x000000000000021d       0x1d C:/ST/STM32CubeIDE_1.13.1/STM32CubeIDE/plugins/com.st.stm32cube.ide.mcu.externaltools.gnu-tools-for-stm32.11.3.rel1.win32_1.1.0.202305231506/tools/bin/../lib/gcc/arm-none-eabi/11.3.1/thumb/v7-m/nofp\libgcc.a(_arm_addsubdf3.o)
 .ARM.attributes
                0x000000000000023a       0x1d C:/ST/STM32CubeIDE_1.13.1/STM32CubeIDE/plugins/com.st.stm32cube.ide.mcu.externaltools.gnu-tools-for-stm32.11.3.rel1.win32_1.1.0.202305231506/tools/bin/../lib/gcc/arm-none-eabi/11.3.1/thumb/v7-m/nofp\libgcc.a(_arm_muldivdf3.o)
 .ARM.attributes
                0x0000000000000257       0x1d C:/ST/STM32CubeIDE_1.13.1/STM32CubeIDE/plugins/com.st.stm32cube.ide.mcu.externaltools.gnu-tools-for-stm32.11.3.rel1.win32_1.1.0.202305231506/tools/bin/../lib/gcc/arm-none-eabi/11.3.1/thumb/v7-m/nofp\libgcc.a(_arm_truncdfsf2.o)
 .ARM.attributes
                0x0000000000000274       0x1d C:/ST/STM32CubeIDE_1.13.1/STM32CubeIDE/plugins/com.st.stm32cube.ide.mcu.externaltools.gnu-tools-for-stm32.11.3.rel1.win32_1.1.0.202305231506/tools/bin/../lib/gcc/arm-none-eabi/11.3.1/thumb/v7-m/nofp\libgcc.a(_arm_addsubsf3.o)
 .ARM.attributes
                0x0000000000000291       0x1d C:/ST/STM32CubeIDE_1.13.1/STM32CubeIDE/plugins/com.st.stm32cube.ide.mcu.externaltools.gnu-tools-for-stm32.11.3.rel1.win32_1.1.0.202305231506/tools/bin/../lib/gcc/arm-none-eabi/11.3.1/thumb/v7-m/nofp\libgcc.a(_arm_fixunssfsi.o)
 .ARM.attributes
                0x00000000000002ae       0x1d C:/ST/STM32CubeIDE_1.13.1/STM32CubeIDE/plugins/com.st.stm32cube.ide.mcu.externaltools.gnu-tools-for-stm32.11.3.rel1.win32_1.1.0.202305231506/tools/bin/../lib/gcc/arm-none-eabi/11.3.1/thumb/v7-m/nofp/crtn.o
OUTPUT(ADC.elf elf32-littlearm)
LOAD linker stubs
LOAD C:/ST/STM32CubeIDE_1.13.1/STM32CubeIDE/plugins/com.st.stm32cube.ide.mcu.externaltools.gnu-tools-for-stm32.11.3.rel1.win32_1.1.0.202305231506/tools/bin/../lib/gcc/arm-none-eabi/11.3.1/../../../../arm-none-eabi/lib/thumb/v7-m/nofp\libc.a
LOAD C:/ST/STM32CubeIDE_1.13.1/STM32CubeIDE/plugins/com.st.stm32cube.ide.mcu.externaltools.gnu-tools-for-stm32.11.3.rel1.win32_1.1.0.202305231506/tools/bin/../lib/gcc/arm-none-eabi/11.3.1/../../../../arm-none-eabi/lib/thumb/v7-m/nofp\libm.a
LOAD C:/ST/STM32CubeIDE_1.13.1/STM32CubeIDE/plugins/com.st.stm32cube.ide.mcu.externaltools.gnu-tools-for-stm32.11.3.rel1.win32_1.1.0.202305231506/tools/bin/../lib/gcc/arm-none-eabi/11.3.1/thumb/v7-m/nofp\libgcc.a

.comment        0x0000000000000000       0x43
 .comment       0x0000000000000000       0x43 C:/ST/STM32CubeIDE_1.13.1/STM32CubeIDE/plugins/com.st.stm32cube.ide.mcu.externaltools.gnu-tools-for-stm32.11.3.rel1.win32_1.1.0.202305231506/tools/bin/../lib/gcc/arm-none-eabi/11.3.1/thumb/v7-m/nofp/crtbegin.o
                                         0x44 (size before relaxing)
 .comment       0x0000000000000043       0x44 ./Src/ADC_Prog.o
 .comment       0x0000000000000043       0x44 ./Src/DS18B20.o
 .comment       0x0000000000000043       0x44 ./Src/GPIO_Prog.o
 .comment       0x0000000000000043       0x44 ./Src/PH_Prog.o
 .comment       0x0000000000000043       0x44 ./Src/RCC_Prog.o
 .comment       0x0000000000000043       0x44 ./Src/SYSTICK_Prog.o
 .comment       0x0000000000000043       0x44 ./Src/UART_Program.o
 .comment       0x0000000000000043       0x44 ./Src/main.o

.debug_frame    0x0000000000000000      0x1e0
 .debug_frame   0x0000000000000000       0x2c C:/ST/STM32CubeIDE_1.13.1/STM32CubeIDE/plugins/com.st.stm32cube.ide.mcu.externaltools.gnu-tools-for-stm32.11.3.rel1.win32_1.1.0.202305231506/tools/bin/../lib/gcc/arm-none-eabi/11.3.1/../../../../arm-none-eabi/lib/thumb/v7-m/nofp\libc_nano.a(libc_a-init.o)
 .debug_frame   0x000000000000002c       0x24 C:/ST/STM32CubeIDE_1.13.1/STM32CubeIDE/plugins/com.st.stm32cube.ide.mcu.externaltools.gnu-tools-for-stm32.11.3.rel1.win32_1.1.0.202305231506/tools/bin/../lib/gcc/arm-none-eabi/11.3.1/thumb/v7-m/nofp\libgcc.a(_arm_mulsf3.o)
 .debug_frame   0x0000000000000050       0xac C:/ST/STM32CubeIDE_1.13.1/STM32CubeIDE/plugins/com.st.stm32cube.ide.mcu.externaltools.gnu-tools-for-stm32.11.3.rel1.win32_1.1.0.202305231506/tools/bin/../lib/gcc/arm-none-eabi/11.3.1/thumb/v7-m/nofp\libgcc.a(_arm_addsubdf3.o)
 .debug_frame   0x00000000000000fc       0x50 C:/ST/STM32CubeIDE_1.13.1/STM32CubeIDE/plugins/com.st.stm32cube.ide.mcu.externaltools.gnu-tools-for-stm32.11.3.rel1.win32_1.1.0.202305231506/tools/bin/../lib/gcc/arm-none-eabi/11.3.1/thumb/v7-m/nofp\libgcc.a(_arm_muldivdf3.o)
 .debug_frame   0x000000000000014c       0x24 C:/ST/STM32CubeIDE_1.13.1/STM32CubeIDE/plugins/com.st.stm32cube.ide.mcu.externaltools.gnu-tools-for-stm32.11.3.rel1.win32_1.1.0.202305231506/tools/bin/../lib/gcc/arm-none-eabi/11.3.1/thumb/v7-m/nofp\libgcc.a(_arm_truncdfsf2.o)
 .debug_frame   0x0000000000000170       0x4c C:/ST/STM32CubeIDE_1.13.1/STM32CubeIDE/plugins/com.st.stm32cube.ide.mcu.externaltools.gnu-tools-for-stm32.11.3.rel1.win32_1.1.0.202305231506/tools/bin/../lib/gcc/arm-none-eabi/11.3.1/thumb/v7-m/nofp\libgcc.a(_arm_addsubsf3.o)
 .debug_frame   0x00000000000001bc       0x24 C:/ST/STM32CubeIDE_1.13.1/STM32CubeIDE/plugins/com.st.stm32cube.ide.mcu.externaltools.gnu-tools-for-stm32.11.3.rel1.win32_1.1.0.202305231506/tools/bin/../lib/gcc/arm-none-eabi/11.3.1/thumb/v7-m/nofp\libgcc.a(_arm_fixunssfsi.o)
