../Src/SYSTICK_Prog.c:17:6:SYSTICK_enuInit	24	static
../Src/SYSTICK_Prog.c:37:7:SYSTICK_voidEnable	4	static
../Src/SYSTICK_Prog.c:44:7:SYSTICK_voidDisable	4	static
../Src/SYSTICK_Prog.c:52:6:SYSTICK_voidSetPreload	16	static
../Src/SYSTICK_Prog.c:59:7:SYSTICK_voidEnableInterrupet	4	static
../Src/SYSTICK_Prog.c:64:7:SYSTICK_voidDisableInterrupet	4	static
../Src/SYSTICK_Prog.c:69:6:SYSTICK_enuDelay_ms_SingleInterval	24	static
../Src/SYSTICK_Prog.c:92:6:SYSTICK_enuDelay_ms_PeriodicInterval	24	static
../Src/SYSTICK_Prog.c:114:6:SYSTICK_enuDelay_us	24	static
../Src/SYSTICK_Prog.c:140:6:SYSTICK_enuGetRemainingTime	24	static
../Src/SYSTICK_Prog.c:149:6:SYSTICK_enuGetElapsedTime	24	static
../Src/SYSTICK_Prog.c:159:6:SysTick_Handler	8	static
